{
  message: '🚀 Servidor iniciado en puerto 5000',
  level: 'info',
  service: 'barber-app-backend',
  timestamp: '2025-09-24 15:58:00'
}
{
  message: '🚀 Servidor iniciado en puerto 5000',
  level: 'info',
  service: 'barber-app-backend',
  timestamp: '2025-09-24 15:58:47'
}
{
  message: '🚀 Servidor iniciado en puerto 5000',
  level: 'info',
  service: 'barber-app-backend',
  timestamp: '2025-09-24 15:59:05'
}
{
  message: '🚀 Servidor iniciado en puerto 5000',
  level: 'info',
  service: 'barber-app-backend',
  timestamp: '2025-09-24 15:59:10'
}
{
  message: '🚀 Servidor iniciado en puerto 5000',
  level: 'info',
  service: 'barber-app-backend',
  timestamp: '2025-09-24 15:59:25'
}
{
  message: '🚀 Servidor iniciado en puerto 5000',
  level: 'info',
  service: 'barber-app-backend',
  timestamp: '2025-09-24 16:00:01'
}
{
  message: '🚀 Servidor iniciado en puerto 5000',
  level: 'info',
  service: 'barber-app-backend',
  timestamp: '2025-09-24 16:13:05'
}
{
  service: 'barber-app-backend',
  method: 'GET',
  url: '/',
  status: 200,
  duration: '2ms',
  ip: '::1',
  userAgent: 'curl/8.7.1',
  level: 'info',
  message: 'Request',
  timestamp: '2025-09-24 16:13:15'
}
{
  message: '🚀 Servidor iniciado en puerto 5000',
  level: 'info',
  service: 'barber-app-backend',
  timestamp: '2025-09-24 16:13:54'
}
{
  message: '🚀 Servidor iniciado en puerto 5000',
  level: 'info',
  service: 'barber-app-backend',
  timestamp: '2025-09-24 16:16:28'
}
{
  message: '🚀 Servidor iniciado en puerto 5000',
  level: 'info',
  service: 'barber-app-backend',
  timestamp: '2025-09-24 16:16:30'
}
{
  message: '🚀 Servidor iniciado en puerto 5000',
  level: 'info',
  service: 'barber-app-backend',
  timestamp: '2025-09-24 16:16:35'
}
{
  message: '🚀 Servidor iniciado en puerto 5000',
  level: 'info',
  service: 'barber-app-backend',
  timestamp: '2025-09-24 16:16:38'
}
{
  message: '🚀 Servidor iniciado en puerto 5000',
  level: 'info',
  service: 'barber-app-backend',
  timestamp: '2025-09-24 16:16:42'
}
{
  message: '🚀 Servidor iniciado en puerto 5000',
  level: 'info',
  service: 'barber-app-backend',
  timestamp: '2025-09-24 16:16:47'
}
{
  service: 'barber-app-backend',
  method: 'POST',
  url: '/api/auth/login',
  status: 200,
  duration: '175ms',
  ip: '::1',
  userAgent: 'PostmanRuntime/7.47.1',
  level: 'info',
  message: 'Request',
  timestamp: '2025-09-24 16:16:58'
}
